exports[`appReducer should have correct initial state 1`] = `
Object {
  "cx": Object {
    "cxState": "DISCONNECTED",
    "fLoginRequired": null,
    "localClientFilter": null,
    "login": null,
    "loginState": "LOGGED_OUT",
    "serverFilter": null,
    "wsState": "DISCONNECTED",
  },
  "settings": Object {
    "colorClientBg": "aliceblue",
    "colorClientBgIsDark": false,
    "colorClientFg": "black",
    "colorServerBg": "rgb(214, 236, 255)",
    "colorServerBgIsDark": false,
    "colorServerFg": "black",
    "colorUiBg": "white",
    "colorUiBgIsDark": false,
    "colorUiFg": "rgb(64, 64, 64)",
    "fCollapseAllNewStories": false,
    "fDiscardRemoteClientLogs": false,
    "fExpandAllNewAttachments": false,
    "fShorthandForDuplicates": true,
    "fShowClosedActions": false,
    "forgetHysteresis": 0.25,
    "maxRecords": 800,
    "timeType": "LOCAL",
  },
  "stories": Object {
    "closedStories": Object {},
    "localHubId": undefined,
    "mainStory": Object {
      "fExpanded": true,
      "fHierarchical": true,
      "fOpen": true,
      "fWrapper": true,
      "records": Array [
        Object {
          "fExpanded": true,
          "fHierarchical": true,
          "fMain": true,
          "fOpen": true,
          "fServer": false,
          "fStoryObject": true,
          "id": "main_0",
          "lastAction": "CREATED",
          "numRecords": 0,
          "pathStr": "records/0",
          "records": Array [],
          "src": "main",
          "status": undefined,
          "storyId": "main_0",
          "t": 0,
          "title": "Client",
        },
        Object {
          "fExpanded": true,
          "fHierarchical": true,
          "fMain": true,
          "fOpen": true,
          "fServer": true,
          "fStoryObject": true,
          "id": "main_1",
          "lastAction": "CREATED",
          "numRecords": 0,
          "pathStr": "records/1",
          "records": Array [],
          "src": "main",
          "status": undefined,
          "storyId": "main_1",
          "t": 0,
          "title": "Server",
        },
      ],
    },
    "openStories": Object {},
    "quickFind": "",
  },
}
`;
